
   FAIL  Tests\Feature\ReservationFlowTest
  Ô¿» client caÔÇª 2.24s  
  Ô¿» client caÔÇª 0.02s  
  Ô¿» booking oÔÇª 0.04s  
  ÔöÇÔöÇÔöÇÔöÇÔöÇÔöÇÔöÇÔöÇÔöÇÔöÇÔöÇÔöÇÔöÇÔöÇÔöÇÔöÇÔöÇÔöÇ  
   FAILED  Tests\FÔÇª   
  Expected response status code [201, 301, 302, 303, 307, 308] but received 500.
Failed asserting that false is true.

The following exception occurred during the last request:

BadMethodCallException: Call to undefined method App\Models\ReservaEquipo::reserva() in C:\laragon\www\reservas\reservas_dj\vendor\laravel\framework\src\Illuminate\Support\Traits\ForwardsCalls.php:67
Stack trace:
#0 C:\laragon\www\reservas\reservas_dj\vendor\laravel\framework\src\Illuminate\Support\Traits\ForwardsCalls.php(36): Illuminate\Database\Eloquent\Model::throwBadMethodCallException('reserva')
#1 C:\laragon\www\reservas\reservas_dj\vendor\laravel\framework\src\Illuminate\Database\Eloquent\Model.php(2540): Illuminate\Database\Eloquent\Model->forwardCallTo(Object(Illuminate\Database\Eloquent\Builder), 'reserva', Array)
#2 C:\laragon\www\reservas\reservas_dj\vendor\laravel\framework\src\Illuminate\Database\Eloquent\Concerns\QueriesRelationships.php(1118): Illuminate\Database\Eloquent\Model->__call('reserva', Array)
#3 C:\laragon\www\reservas\reservas_dj\vendor\laravel\framework\src\Illuminate\Database\Eloquent\Relations\Relation.php(119): Illuminate\Database\Eloquent\Builder->Illuminate\Database\Eloquent\Concerns\{closure}()
#4 C:\laragon\www\reservas\reservas_dj\vendor\laravel\framework\src\Illuminate\Database\Eloquent\Concerns\QueriesRelationships.php(1117): Illuminate\Database\Eloquent\Relations\Relation::noConstraints(Object(Closure))
#5 C:\laragon\www\reservas\reservas_dj\vendor\laravel\framework\src\Illuminate\Database\Eloquent\Concerns\QueriesRelationships.php(46): Illuminate\Database\Eloquent\Builder->getRelationWithoutConstraints('reserva')
#6 C:\laragon\www\reservas\reservas_dj\vendor\laravel\framework\src\Illuminate\Database\Eloquent\Concerns\QueriesRelationships.php(172): Illuminate\Database\Eloquent\Builder->has('reserva', '>=', 1, 'and', Object(Closure))
#7 C:\laragon\www\reservas\reservas_dj\vendor\laravel\framework\src\Illuminate\Support\Traits\ForwardsCalls.php(23): Illuminate\Database\Eloquent\Builder->whereHas('reserva', Object(Closure))
#8 C:\laragon\www\reservas\reservas_dj\vendor\laravel\framework\src\Illuminate\Database\Eloquent\Model.php(2540): Illuminate\Database\Eloquent\Model->forwardCallTo(Object(Illuminate\Database\Eloquent\Builder), 'whereHas', Array)
#9 C:\laragon\www\reservas\reservas_dj\vendor\laravel\framework\src\Illuminate\Database\Eloquent\Model.php(2556): Illuminate\Database\Eloquent\Model->__call('whereHas', Array)
#10 C:\laragon\www\reservas\reservas_dj\app\Http\Controllers\ReservationController.php(45): Illuminate\Database\Eloquent\Model::__callStatic('whereHas', Array)
#11 C:\laragon\www\reservas\reservas_dj\vendor\laravel\framework\src\Illuminate\Routing\ControllerDispatcher.php(46): App\Http\Controllers\ReservationController->store(Object(Illuminate\Http\Request))
#12 C:\laragon\www\reservas\reservas_dj\vendor\laravel\framework\src\Illuminate\Routing\Route.php(265): Illuminate\Routing\ControllerDispatcher->dispatch(Object(Illuminate\Routing\Route), Object(App\Http\Controllers\ReservationController), 'store')
#13 C:\laragon\www\reservas\reservas_dj\vendor\laravel\framework\src\Illuminate\Routing\Route.php(211): Illuminate\Routing\Route->runController()
#14 C:\laragon\www\reservas\reservas_dj\vendor\laravel\framework\src\Illuminate\Routing\Router.php(822): Illuminate\Routing\Route->run()
#15 C:\laragon\www\reservas\reservas_dj\vendor\laravel\framework\src\Illuminate\Pipeline\Pipeline.php(180): Illuminate\Routing\Router->Illuminate\Routing\{closure}(Object(Illuminate\Http\Request))
#16 C:\laragon\www\reservas\reservas_dj\app\Http\Middleware\CheckRole.php(31): Illuminate\Pipeline\Pipeline->Illuminate\Pipeline\{closure}(Object(Illuminate\Http\Request))
#17 C:\laragon\www\reservas\reservas_dj\vendor\laravel\framework\src\Illuminate\Pipeline\Pipeline.php(219): App\Http\Middleware\CheckRole->handle(Object(Illuminate\Http\Request), Object(Closure), 'client')
#18 C:\laragon\www\reservas\reservas_dj\vendor\laravel\framework\src\Illuminate\Auth\Middleware\EnsureEmailIsVerified.php(41): Illuminate\Pipeline\Pipeline->Illuminate\Pipeline\{closure}(Object(Illuminate\Http\Request))
#19 C:\laragon\www\reservas\reservas_dj\vendor\laravel\framework\src\Illuminate\Pipeline\Pipeline.php(219): Illuminate\Auth\Middleware\EnsureEmailIsVerified->handle(Object(Illuminate\Http\Request), Object(Closure))
#20 C:\laragon\www\reservas\reservas_dj\vendor\laravel\framework\src\Illuminate\Routing\Middleware\SubstituteBindings.php(50): Illuminate\Pipeline\Pipeline->Illuminate\Pipeline\{closure}(Object(Illuminate\Http\Request))
#21 C:\laragon\www\reservas\reservas_dj\vendor\laravel\framework\src\Illuminate\Pipeline\Pipeline.php(219): Illuminate\Routing\Middleware\SubstituteBindings->handle(Object(Illuminate\Http\Request), Object(Closure))
#22 C:\laragon\www\reservas\reservas_dj\vendor\laravel\framework\src\Illuminate\Auth\Middleware\Authenticate.php(63): Illuminate\Pipeline\Pipeline->Illuminate\Pipeline\{closure}(Object(Illuminate\Http\Request))
#23 C:\laragon\www\reservas\reservas_dj\vendor\laravel\framework\src\Illuminate\Pipeline\Pipeline.php(219): Illuminate\Auth\Middleware\Authenticate->handle(Object(Illuminate\Http\Request), Object(Closure))
#24 C:\laragon\www\reservas\reservas_dj\vendor\laravel\framework\src\Illuminate\Foundation\Http\Middleware\VerifyCsrfToken.php(87): Illuminate\Pipeline\Pipeline->Illuminate\Pipeline\{closure}(Object(Illuminate\Http\Request))
#25 C:\laragon\www\reservas\reservas_dj\vendor\laravel\framework\src\Illuminate\Pipeline\Pipeline.php(219): Illuminate\Foundation\Http\Middleware\VerifyCsrfToken->handle(Object(Illuminate\Http\Request), Object(Closure))
#26 C:\laragon\www\reservas\reservas_dj\vendor\laravel\framework\src\Illuminate\View\Middleware\ShareErrorsFromSession.php(48): Illuminate\Pipeline\Pipeline->Illuminate\Pipeline\{closure}(Object(Illuminate\Http\Request))
#27 C:\laragon\www\reservas\reservas_dj\vendor\laravel\framework\src\Illuminate\Pipeline\Pipeline.php(219): Illuminate\View\Middleware\ShareErrorsFromSession->handle(Object(Illuminate\Http\Request), Object(Closure))
#28 C:\laragon\www\reservas\reservas_dj\vendor\laravel\framework\src\Illuminate\Session\Middleware\StartSession.php(120): Illuminate\Pipeline\Pipeline->Illuminate\Pipeline\{closure}(Object(Illuminate\Http\Request))
#29 C:\laragon\www\reservas\reservas_dj\vendor\laravel\framework\src\Illuminate\Session\Middleware\StartSession.php(63): Illuminate\Session\Middleware\StartSession->handleStatefulRequest(Object(Illuminate\Http\Request), Object(Illuminate\Session\Store), Object(Closure))
#30 C:\laragon\www\reservas\reservas_dj\vendor\laravel\framework\src\Illuminate\Pipeline\Pipeline.php(219): Illuminate\Session\Middleware\StartSession->handle(Object(Illuminate\Http\Request), Object(Closure))
#31 C:\laragon\www\reservas\reservas_dj\vendor\laravel\framework\src\Illuminate\Cookie\Middleware\AddQueuedCookiesToResponse.php(36): Illuminate\Pipeline\Pipeline->Illuminate\Pipeline\{closure}(Object(Illuminate\Http\Request))
#32 C:\laragon\www\reservas\reservas_dj\vendor\laravel\framework\src\Illuminate\Pipeline\Pipeline.php(219): Illuminate\Cookie\Middleware\AddQueuedCookiesToResponse->handle(Object(Illuminate\Http\Request), Object(Closure))
#33 C:\laragon\www\reservas\reservas_dj\vendor\laravel\framework\src\Illuminate\Cookie\Middleware\EncryptCookies.php(74): Illuminate\Pipeline\Pipeline->Illuminate\Pipeline\{closure}(Object(Illuminate\Http\Request))
#34 C:\laragon\www\reservas\reservas_dj\vendor\laravel\framework\src\Illuminate\Pipeline\Pipeline.php(219): Illuminate\Cookie\Middleware\EncryptCookies->handle(Object(Illuminate\Http\Request), Object(Closure))
#35 C:\laragon\www\reservas\reservas_dj\vendor\laravel\framework\src\Illuminate\Pipeline\Pipeline.php(137): Illuminate\Pipeline\Pipeline->Illuminate\Pipeline\{closure}(Object(Illuminate\Http\Request))
#36 C:\laragon\www\reservas\reservas_dj\vendor\laravel\framework\src\Illuminate\Routing\Router.php(821): Illuminate\Pipeline\Pipeline->then(Object(Closure))
#37 C:\laragon\www\reservas\reservas_dj\vendor\laravel\framework\src\Illuminate\Routing\Router.php(800): Illuminate\Routing\Router->runRouteWithinStack(Object(Illuminate\Routing\Route), Object(Illuminate\Http\Request))
#38 C:\laragon\www\reservas\reservas_dj\vendor\laravel\framework\src\Illuminate\Routing\Router.php(764): Illuminate\Routing\Router->runRoute(Object(Illuminate\Http\Request), Object(Illuminate\Routing\Route))
#39 C:\laragon\www\reservas\reservas_dj\vendor\laravel\framework\src\Illuminate\Routing\Router.php(753): Illuminate\Routing\Router->dispatchToRoute(Object(Illuminate\Http\Request))
#40 C:\laragon\www\reservas\reservas_dj\vendor\laravel\framework\src\Illuminate\Foundation\Http\Kernel.php(200): Illuminate\Routing\Router->dispatch(Object(Illuminate\Http\Request))
#41 C:\laragon\www\reservas\reservas_dj\vendor\laravel\framework\src\Illuminate\Pipeline\Pipeline.php(180): Illuminate\Foundation\Http\Kernel->Illuminate\Foundation\Http\{closure}(Object(Illuminate\Http\Request))
#42 C:\laragon\www\reservas\reservas_dj\vendor\laravel\framework\src\Illuminate\Foundation\Http\Middleware\TransformsRequest.php(21): Illuminate\Pipeline\Pipeline->Illuminate\Pipeline\{closure}(Object(Illuminate\Http\Request))
#43 C:\laragon\www\reservas\reservas_dj\vendor\laravel\framework\src\Illuminate\Foundation\Http\Middleware\ConvertEmptyStringsToNull.php(31): Illuminate\Foundation\Http\Middleware\TransformsRequest->handle(Object(Illuminate\Http\Request), Object(Closure))
#44 C:\laragon\www\reservas\reservas_dj\vendor\laravel\framework\src\Illuminate\Pipeline\Pipeline.php(219): Illuminate\Foundation\Http\Middleware\ConvertEmptyStringsToNull->handle(Object(Illuminate\Http\Request), Object(Closure))
#45 C:\laragon\www\reservas\reservas_dj\vendor\laravel\framework\src\Illuminate\Foundation\Http\Middleware\TransformsRequest.php(21): Illuminate\Pipeline\Pipeline->Illuminate\Pipeline\{closure}(Object(Illuminate\Http\Request))
#46 C:\laragon\www\reservas\reservas_dj\vendor\laravel\framework\src\Illuminate\Foundation\Http\Middleware\TrimStrings.php(51): Illuminate\Foundation\Http\Middleware\TransformsRequest->handle(Object(Illuminate\Http\Request), Object(Closure))
#47 C:\laragon\www\reservas\reservas_dj\vendor\laravel\framework\src\Illuminate\Pipeline\Pipeline.php(219): Illuminate\Foundation\Http\Middleware\TrimStrings->handle(Object(Illuminate\Http\Request), Object(Closure))
#48 C:\laragon\www\reservas\reservas_dj\vendor\laravel\framework\src\Illuminate\Http\Middleware\ValidatePostSize.php(27): Illuminate\Pipeline\Pipeline->Illuminate\Pipeline\{closure}(Object(Illuminate\Http\Request))
#49 C:\laragon\www\reservas\reservas_dj\vendor\laravel\framework\src\Illuminate\Pipeline\Pipeline.php(219): Illuminate\Http\Middleware\ValidatePostSize->handle(Object(Illuminate\Http\Request), Object(Closure))
#50 C:\laragon\www\reservas\reservas_dj\vendor\laravel\framework\src\Illuminate\Foundation\Http\Middleware\PreventRequestsDuringMaintenance.php(109): Illuminate\Pipeline\Pipeline->Illuminate\Pipeline\{closure}(Object(Illuminate\Http\Request))
#51 C:\laragon\www\reservas\reservas_dj\vendor\laravel\framework\src\Illuminate\Pipeline\Pipeline.php(219): Illuminate\Foundation\Http\Middleware\PreventRequestsDuringMaintenance->handle(Object(Illuminate\Http\Request), Object(Closure))
#52 C:\laragon\www\reservas\reservas_dj\vendor\laravel\framework\src\Illuminate\Http\Middleware\HandleCors.php(61): Illuminate\Pipeline\Pipeline->Illuminate\Pipeline\{closure}(Object(Illuminate\Http\Request))
#53 C:\laragon\www\reservas\reservas_dj\vendor\laravel\framework\src\Illuminate\Pipeline\Pipeline.php(219): Illuminate\Http\Middleware\HandleCors->handle(Object(Illuminate\Http\Request), Object(Closure))
#54 C:\laragon\www\reservas\reservas_dj\vendor\laravel\framework\src\Illuminate\Http\Middleware\TrustProxies.php(58): Illuminate\Pipeline\Pipeline->Illuminate\Pipeline\{closure}(Object(Illuminate\Http\Request))
#55 C:\laragon\www\reservas\reservas_dj\vendor\laravel\framework\src\Illuminate\Pipeline\Pipeline.php(219): Illuminate\Http\Middleware\TrustProxies->handle(Object(Illuminate\Http\Request), Object(Closure))
#56 C:\laragon\www\reservas\reservas_dj\vendor\laravel\framework\src\Illuminate\Foundation\Http\Middleware\InvokeDeferredCallbacks.php(22): Illuminate\Pipeline\Pipeline->Illuminate\Pipeline\{closure}(Object(Illuminate\Http\Request))
#57 C:\laragon\www\reservas\reservas_dj\vendor\laravel\framework\src\Illuminate\Pipeline\Pipeline.php(219): Illuminate\Foundation\Http\Middleware\InvokeDeferredCallbacks->handle(Object(Illuminate\Http\Request), Object(Closure))
#58 C:\laragon\www\reservas\reservas_dj\vendor\laravel\framework\src\Illuminate\Http\Middleware\ValidatePathEncoding.php(26): Illuminate\Pipeline\Pipeline->Illuminate\Pipeline\{closure}(Object(Illuminate\Http\Request))
#59 C:\laragon\www\reservas\reservas_dj\vendor\laravel\framework\src\Illuminate\Pipeline\Pipeline.php(219): Illuminate\Http\Middleware\ValidatePathEncoding->handle(Object(Illuminate\Http\Request), Object(Closure))
#60 C:\laragon\www\reservas\reservas_dj\vendor\laravel\framework\src\Illuminate\Pipeline\Pipeline.php(137): Illuminate\Pipeline\Pipeline->Illuminate\Pipeline\{closure}(Object(Illuminate\Http\Request))
#61 C:\laragon\www\reservas\reservas_dj\vendor\laravel\framework\src\Illuminate\Foundation\Http\Kernel.php(175): Illuminate\Pipeline\Pipeline->then(Object(Closure))
#62 C:\laragon\www\reservas\reservas_dj\vendor\laravel\framework\src\Illuminate\Foundation\Http\Kernel.php(144): Illuminate\Foundation\Http\Kernel->sendRequestThroughRouter(Object(Illuminate\Http\Request))
#63 C:\laragon\www\reservas\reservas_dj\vendor\laravel\framework\src\Illuminate\Foundation\Testing\Concerns\MakesHttpRequests.php(607): Illuminate\Foundation\Http\Kernel->handle(Object(Illuminate\Http\Request))
#64 C:\laragon\www\reservas\reservas_dj\vendor\laravel\framework\src\Illuminate\Foundation\Testing\Concerns\MakesHttpRequests.php(397): Illuminate\Foundation\Testing\TestCase->call('POST', 'http://localhos...', Array, Array, Array, Array)
#65 C:\laragon\www\reservas\reservas_dj\tests\Feature\ReservationFlowTest.php(46): Illuminate\Foundation\Testing\TestCase->post('http://localhos...', Array)
#66 C:\laragon\www\reservas\reservas_dj\vendor\phpunit\phpunit\src\Framework\TestCase.php(1667): Tests\Feature\ReservationFlowTest->test_client_can_book_if_inventory_available()
#67 C:\laragon\www\reservas\reservas_dj\vendor\phpunit\phpunit\src\Framework\TestCase.php(519): PHPUnit\Framework\TestCase->runTest()
#68 C:\laragon\www\reservas\reservas_dj\vendor\phpunit\phpunit\src\Framework\TestRunner\TestRunner.php(87): PHPUnit\Framework\TestCase->runBare()
#69 C:\laragon\www\reservas\reservas_dj\vendor\phpunit\phpunit\src\Framework\TestCase.php(365): PHPUnit\Framework\TestRunner->run(Object(Tests\Feature\ReservationFlowTest))
#70 C:\laragon\www\reservas\reservas_dj\vendor\phpunit\phpunit\src\Framework\TestSuite.php(369): PHPUnit\Framework\TestCase->run()
#71 C:\laragon\www\reservas\reservas_dj\vendor\phpunit\phpunit\src\TextUI\TestRunner.php(64): PHPUnit\Framework\TestSuite->run()
#72 C:\laragon\www\reservas\reservas_dj\vendor\phpunit\phpunit\src\TextUI\Application.php(211): PHPUnit\TextUI\TestRunner->run(Object(PHPUnit\TextUI\Configuration\Configuration), Object(PHPUnit\Runner\ResultCache\DefaultResultCache), Object(PHPUnit\Framework\TestSuite))
#73 C:\laragon\www\reservas\reservas_dj\vendor\phpunit\phpunit\phpunit(104): PHPUnit\TextUI\Application->run(Array)
#74 {main}

----------------------------------------------------------------------------------

Call to undefined method App\Models\ReservaEquipo::reserva()

  at tests\Feature\ReservationFlowTest.php:52
     48Ôûò             'fecha_evento' => $date,
     49Ôûò             'direccion_evento' => '123 Main St'
     50Ôûò         ]);
     51Ôûò 
  Ô×£  52Ôûò         $response->assertRedirect(route('dashboard'));
     53Ôûò         $this->assertDatabaseHas('reservas', [
     54Ôûò             'user_id' => $client->id,
     55Ôûò             'fecha_evento' => $date
     56Ôûò         ]);

  ÔöÇÔöÇÔöÇÔöÇÔöÇÔöÇÔöÇÔöÇÔöÇÔöÇÔöÇÔöÇÔöÇÔöÇÔöÇÔöÇÔöÇÔöÇ  
  ÔÇª  QueryException   
  SQLSTATE[HY000]: General error: 1364 Field 'cantidad_disponible' doesn't have a default value (Connection: mysql, Host: 127.0.0.1, Port: 3306, Database: reservas_dj_testing, SQL: insert into `equipos` (`nombre`, `tipo`, `cantidad_total`, `estado`, `descripcion`, `updated_at`, `created_at`) values (Speaker Pro, sonido, 3, disponible, Loud speaker, 2026-02-12 00:45:14, 2026-02-12 00:45:14))

  at vendor\laravel\framework\src\Illuminate\Database\Connection.php:838
    834Ôûò             $exceptionType = $this->isUniqueConstraintError($e)
    835Ôûò                 ? UniqueConstraintViolationException::class
    836Ôûò                 : QueryException::class;
    837Ôûò 
  Ô×£ 838Ôûò             throw new $exceptionType(
    839Ôûò                 $this->getNameWithReadWriteType(),
    840Ôûò                 $query,
    841Ôûò                 $this->prepareBindings($bindings),
    842Ôûò                 $e,

  1   vendor\laravel\framework\src\Illuminate\Database\Connection.php:838

  2   vendor\laravel\framework\src\Illuminate\Database\MySqlConnection.php:53
      NunoMaduro\Collision\Exceptions\TestException::("SQLSTATE[HY000]: General error: 1364 Field 'cantidad_disponible' doesn't have a default value")

  ÔöÇÔöÇÔöÇÔöÇÔöÇÔöÇÔöÇÔöÇÔöÇÔöÇÔöÇÔöÇÔöÇÔöÇÔöÇÔöÇÔöÇÔöÇ  
  ÔÇª  QueryException   
  SQLSTATE[HY000]: General error: 1364 Field 'cantidad_disponible' doesn't have a default value (Connection: mysql, Host: 127.0.0.1, Port: 3306, Database: reservas_dj_testing, SQL: insert into `equipos` (`nombre`, `tipo`, `cantidad_total`, `estado`, `descripcion`, `updated_at`, `created_at`) values (Speaker Pro, sonido, 2, disponible, Loud speaker, 2026-02-12 00:45:14, 2026-02-12 00:45:14))

  at vendor\laravel\framework\src\Illuminate\Database\Connection.php:838
    834Ôûò             $exceptionType = $this->isUniqueConstraintError($e)
    835Ôûò                 ? UniqueConstraintViolationException::class
    836Ôûò                 : QueryException::class;
    837Ôûò 
  Ô×£ 838Ôûò             throw new $exceptionType(
    839Ôûò                 $this->getNameWithReadWriteType(),
    840Ôûò                 $query,
    841Ôûò                 $this->prepareBindings($bindings),
    842Ôûò                 $e,

  1   vendor\laravel\framework\src\Illuminate\Database\Connection.php:838

  2   vendor\laravel\framework\src\Illuminate\Database\MySqlConnection.php:53
      NunoMaduro\Collision\Exceptions\TestException::("SQLSTATE[HY000]: General error: 1364 Field 'cantidad_disponible' doesn't have a default value")


  Tests:    3 failed (1 assertions)
  Duration: 2.47s

